[2025-02-11 13:18:54.993] [3384] [HailoRT] [info] [device.cpp:49] [Device] OS Version: Linux 6.6.74+rpt-rpi-2712 #1 SMP PREEMPT Debian 1:6.6.74-1+rpt1 (2025-01-27) aarch64
[2025-02-11 13:18:54.994] [3384] [HailoRT] [info] [control.cpp:108] [control__parse_identify_results] firmware_version is: 4.20.0
[2025-02-11 13:18:54.995] [3384] [HailoRT] [info] [control.cpp:108] [control__parse_identify_results] firmware_version is: 4.20.0
[2025-02-11 13:26:38.315] [3680] [HailoRT] [info] [device.cpp:49] [Device] OS Version: Linux 6.6.74+rpt-rpi-2712 #1 SMP PREEMPT Debian 1:6.6.74-1+rpt1 (2025-01-27) aarch64
[2025-02-11 13:26:38.317] [3680] [HailoRT] [info] [control.cpp:108] [control__parse_identify_results] firmware_version is: 4.20.0
[2025-02-11 13:26:38.319] [3680] [HailoRT] [info] [control.cpp:108] [control__parse_identify_results] firmware_version is: 4.20.0
[2025-02-11 14:35:49.423] [6504] [HailoRT] [info] [device.cpp:49] [Device] OS Version: Linux 6.6.74+rpt-rpi-2712 #1 SMP PREEMPT Debian 1:6.6.74-1+rpt1 (2025-01-27) aarch64
[2025-02-11 14:35:49.425] [6504] [HailoRT] [info] [control.cpp:108] [control__parse_identify_results] firmware_version is: 4.20.0
[2025-02-11 14:35:49.426] [6504] [HailoRT] [info] [control.cpp:108] [control__parse_identify_results] firmware_version is: 4.20.0
[2025-02-13 11:52:07.780] [1682] [HailoRT] [info] [device.cpp:49] [Device] OS Version: Linux 6.6.74+rpt-rpi-2712 #1 SMP PREEMPT Debian 1:6.6.74-1+rpt1 (2025-01-27) aarch64
[2025-02-13 11:52:07.785] [1682] [HailoRT] [info] [control.cpp:108] [control__parse_identify_results] firmware_version is: 4.20.0
[2025-02-13 11:52:07.786] [1682] [HailoRT] [info] [control.cpp:108] [control__parse_identify_results] firmware_version is: 4.20.0
[2025-02-13 15:00:32.865] [2320] [HailoRT] [info] [device.cpp:49] [Device] OS Version: Linux 6.6.74+rpt-rpi-2712 #1 SMP PREEMPT Debian 1:6.6.74-1+rpt1 (2025-01-27) aarch64
[2025-02-13 15:00:32.867] [2320] [HailoRT] [info] [control.cpp:108] [control__parse_identify_results] firmware_version is: 4.20.0
[2025-02-13 15:00:32.868] [2320] [HailoRT] [info] [control.cpp:108] [control__parse_identify_results] firmware_version is: 4.20.0
[2025-02-13 15:08:57.283] [2623] [HailoRT] [info] [device.cpp:49] [Device] OS Version: Linux 6.6.74+rpt-rpi-2712 #1 SMP PREEMPT Debian 1:6.6.74-1+rpt1 (2025-01-27) aarch64
[2025-02-13 15:08:57.285] [2623] [HailoRT] [info] [control.cpp:108] [control__parse_identify_results] firmware_version is: 4.20.0
[2025-02-13 15:08:57.286] [2623] [HailoRT] [info] [control.cpp:108] [control__parse_identify_results] firmware_version is: 4.20.0
[2025-02-13 15:23:19.566] [3236] [HailoRT] [info] [device.cpp:49] [Device] OS Version: Linux 6.6.74+rpt-rpi-2712 #1 SMP PREEMPT Debian 1:6.6.74-1+rpt1 (2025-01-27) aarch64
[2025-02-13 15:23:19.567] [3236] [HailoRT] [info] [control.cpp:108] [control__parse_identify_results] firmware_version is: 4.20.0
[2025-02-13 15:23:19.569] [3236] [HailoRT] [info] [control.cpp:108] [control__parse_identify_results] firmware_version is: 4.20.0
[2025-02-13 19:37:54.961] [2169] [HailoRT] [info] [device.cpp:49] [Device] OS Version: Linux 6.6.74+rpt-rpi-2712 #1 SMP PREEMPT Debian 1:6.6.74-1+rpt1 (2025-01-27) aarch64
[2025-02-13 19:37:54.962] [2169] [HailoRT] [info] [control.cpp:108] [control__parse_identify_results] firmware_version is: 4.20.0
[2025-02-13 19:37:54.963] [2169] [HailoRT] [info] [control.cpp:108] [control__parse_identify_results] firmware_version is: 4.20.0
[2025-02-14 10:16:10.279] [2208] [HailoRT] [error] [driver_os_specific.cpp:44] [list_devices] Can't find hailort driver class. Can happen if the driver is not installed, if the kernel was updated or on some driver failure (then read driver dmesg log)
[2025-02-14 10:16:10.288] [2208] [HailoRT] [error] [driver_os_specific.cpp:69] [scan_devices] CHECK_SUCCESS failed with status=HAILO_DRIVER_NOT_INSTALLED(64) - Failed listing hailo devices
[2025-02-14 10:16:10.288] [2208] [HailoRT] [error] [driver_os_specific.cpp:97] [scan_nnc_devices] CHECK_SUCCESS failed with status=HAILO_DRIVER_NOT_INSTALLED(64)
[2025-02-14 10:16:10.288] [2208] [HailoRT] [error] [hailort_driver.cpp:318] [scan_all_devices] CHECK_SUCCESS failed with status=HAILO_DRIVER_NOT_INSTALLED(64)
[2025-02-14 10:16:10.288] [2208] [HailoRT] [error] [pcie_device.cpp:36] [scan] CHECK_SUCCESS failed with status=HAILO_DRIVER_NOT_INSTALLED(64)
[2025-02-14 10:16:10.288] [2208] [HailoRT] [error] [device.cpp:64] [scan] CHECK_SUCCESS failed with status=HAILO_DRIVER_NOT_INSTALLED(64)
[2025-02-14 10:56:09.770] [3974] [HailoRT] [info] [device.cpp:49] [Device] OS Version: Linux 6.6.74+rpt-rpi-2712 #1 SMP PREEMPT Debian 1:6.6.74-1+rpt1 (2025-01-27) aarch64
[2025-02-14 10:56:09.772] [3974] [HailoRT] [info] [control.cpp:108] [control__parse_identify_results] firmware_version is: 4.20.0
[2025-02-14 10:56:09.773] [3974] [HailoRT] [info] [control.cpp:108] [control__parse_identify_results] firmware_version is: 4.20.0
[2025-02-14 12:41:50.686] [2263] [HailoRT] [info] [device.cpp:49] [Device] OS Version: Linux 6.6.74+rpt-rpi-2712 #1 SMP PREEMPT Debian 1:6.6.74-1+rpt1 (2025-01-27) aarch64
[2025-02-14 12:41:50.690] [2263] [HailoRT] [info] [control.cpp:108] [control__parse_identify_results] firmware_version is: 4.20.0
[2025-02-14 12:41:50.691] [2263] [HailoRT] [info] [control.cpp:108] [control__parse_identify_results] firmware_version is: 4.20.0
[2025-02-26 08:46:04.829] [2332] [HailoRT] [info] [device.cpp:49] [Device] OS Version: Linux 6.6.74+rpt-rpi-2712 #1 SMP PREEMPT Debian 1:6.6.74-1+rpt1 (2025-01-27) aarch64
[2025-02-26 08:46:04.831] [2332] [HailoRT] [info] [control.cpp:108] [control__parse_identify_results] firmware_version is: 4.20.0
[2025-02-26 08:46:04.832] [2332] [HailoRT] [info] [control.cpp:108] [control__parse_identify_results] firmware_version is: 4.20.0
